###############################################################################
#
# IAR ELF Linker V3.10.1.201 for STM8                     03/Nov/2018  12:40:36
# Copyright 2010-2017 IAR Systems AB.
#
#    Output file  =  
#        D:\DIEN_TU_HPT\IAR STM8S\CANH_CUA_TU\Debug\Exe\CANH_CUA_TU.out
#    Map file     =  
#        D:\DIEN_TU_HPT\IAR STM8S\CANH_CUA_TU\Debug\List\CANH_CUA_TU.map
#    Command line =  
#        -f C:\Users\HPT\AppData\Local\Temp\EW7C57.tmp ("D:\DIEN_TU_HPT\IAR
#        STM8S\CANH_CUA_TU\Debug\Obj\main.o" "D:\DIEN_TU_HPT\IAR
#        STM8S\CANH_CUA_TU\Debug\Obj\stm8s_clk.o" "D:\DIEN_TU_HPT\IAR
#        STM8S\CANH_CUA_TU\Debug\Obj\stm8s_exti.o" "D:\DIEN_TU_HPT\IAR
#        STM8S\CANH_CUA_TU\Debug\Obj\stm8s_gpio.o" "D:\DIEN_TU_HPT\IAR
#        STM8S\CANH_CUA_TU\Debug\Obj\stm8s_it.o" "D:\DIEN_TU_HPT\IAR
#        STM8S\CANH_CUA_TU\Debug\Obj\stm8s_tim2.o" --redirect
#        _Printf=_PrintfFullNoMb --redirect _Scanf=_ScanfFullNoMb -o
#        "D:\DIEN_TU_HPT\IAR STM8S\CANH_CUA_TU\Debug\Exe\CANH_CUA_TU.out" --map
#        "D:\DIEN_TU_HPT\IAR STM8S\CANH_CUA_TU\Debug\List\CANH_CUA_TU.map"
#        --config "C:\Program Files (x86)\IAR Systems\Embedded Workbench
#        8.0\stm8\config\lnkstm8s003f3.icf" --config_def _CSTACK_SIZE=0x100
#        --config_def _HEAP_SIZE=0x100 --entry __iar_program_start --debug_lib)
#
###############################################################################

*******************************************************************************
*** RUNTIME MODEL ATTRIBUTES
***

__SystemLibrary            = DLib
__code_model               = medium_or_large
__core                     = stm8
__data_model               = medium
__dlib_file_descriptor     = 0
__dlib_full_locale_support = 0
__rt_version               = 4


*******************************************************************************
*** PLACEMENT SUMMARY
***

"A0":  place at start of [0x000000-0x0000ff] { rw section .vregs };
"A1":  place at end of [0x000000-0x0003ff] { block CSTACK };
"P2":  place in [from 0x000000 to 0x0003ff] {
          block HEAP, rw section __DLIB_PERTHREAD, rw section .far.bss,
          rw section .far.data, rw section .far.noinit,
          rw section .far_func.textrw, rw section .huge.bss,
          rw section .huge.data, rw section .huge.noinit,
          rw section .huge_func.textrw, rw section .iar.dynexit,
          rw section .near.bss, rw section .near.data, rw section .near.noinit,
          rw section .near_func.textrw };
"A2":  place at start of [0x008000-0x009fff] { block INTVEC };
"P3":  place in [from 0x008000 to 0x009fff] {
          ro section __DLIB_PERTHREAD_init, ro section .far.data_init,
          ro section .far_func.textrw_init, ro section .huge.data_init,
          ro section .huge_func.textrw_init, ro section .iar.init_table,
          ro section .init_array, ro section .near.data_init,
          ro section .near.rodata, ro section .near_func.text,
          ro section .near_func.textrw_init, ro section .tiny.data_init,
          ro section .tiny.rodata_init };
"P4":  place in [from 0x008000 to 0x009fff] {
          ro section .far.rodata, ro section .far_func.text };
"P5":  place in [from 0x008000 to 0x009fff] {
          ro section .huge.rodata, ro section .huge_func.text };
do not initialize {
   rw section .eeprom.noinit, rw section .far.noinit, rw section .huge.noinit,
   rw section .near.noinit, rw section .tiny.noinit, rw section .vregs };
initialize by copy {
   rw section .far.bss, rw section .far.data, rw section .far_func.textrw,
   rw section .huge.bss, rw section .huge.data, rw section .huge_func.textrw,
   rw section .iar.dynexit, rw section .near.bss, rw section .near.data,
   rw section .near_func.textrw, rw section .tiny.bss, rw section .tiny.data,
   ro section .tiny.rodata };

  Section            Kind      Address    Size  Object
  -------            ----      -------    ----  ------
"A0":                                      0xc
  .vregs             uninit   0x000000     0xc  vregs.o [4]
                            - 0x00000c     0xc

"P2":                                     0x25
  P2-1                        0x00000c    0x25  <Init block>
    .near.data       inited   0x00000c     0x1  main.o [1]
    .near.data       inited   0x00000d     0x1  main.o [1]
    .near.data       inited   0x00000e     0x1  main.o [1]
    .near.data       inited   0x00000f     0x1  main.o [1]
    .near.data       inited   0x000010     0x4  stm8s_it.o [1]
    .near.data       inited   0x000014     0x2  stm8s_it.o [1]
    .near.bss        inited   0x000016     0x4  main.o [1]
    .near.bss        inited   0x00001a     0x2  main.o [1]
    .near.bss        inited   0x00001c     0x4  main.o [1]
    .near.bss        inited   0x000020     0x4  main.o [1]
    .near.bss        inited   0x000024     0x1  main.o [1]
    .near.bss        inited   0x000025     0x2  main.o [1]
    .near.bss        inited   0x000027     0x2  main.o [1]
    .near.bss        inited   0x000029     0x4  main.o [1]
    .near.bss        inited   0x00002d     0x1  main.o [1]
    .near.bss        inited   0x00002e     0x1  main.o [1]
    .near.bss        inited   0x00002f     0x1  main.o [1]
    .near.bss        inited   0x000030     0x1  main.o [1]
                            - 0x000031    0x25

"A1":                                    0x100
  CSTACK                      0x000300   0x100  <Block>
    CSTACK           uninit   0x000300   0x100  <Block tail>
                            - 0x000400   0x100

"A2":                                     0x80
  INTVEC                      0x008000    0x80  <Block>
    .intvec          const    0x008000    0x80  interrupt.o [4]
                            - 0x008080    0x80

"P3-P5":                                0x116c
  .far_func.text     ro code  0x008080   0x40f  float.o [4]
  .far_func.text     ro code  0x00848f   0x295  stm8s_it.o [1]
  .far_func.text     ro code  0x008724   0x115  stm8s_gpio.o [1]
  .far_func.text     ro code  0x008839    0xdb  stm8s_exti.o [1]
  .far_func.text     ro code  0x008914    0xca  vreg_util.o [4]
  .far_func.text     ro code  0x0089de    0xab  stm8s_clk.o [1]
  .far_func.text     ro code  0x008a89    0xa8  main.o [1]
  .far_func.text     ro code  0x008b31    0xa2  stm8s_it.o [1]
  .far_func.text     ro code  0x008bd3    0x91  long.o [4]
  .far_func.text     ro code  0x008c64    0x8c  stm8s_clk.o [1]
  .far_func.text     ro code  0x008cf0    0x59  stm8s_tim2.o [1]
  .far_func.text     ro code  0x008d49    0x58  stm8s_clk.o [1]
  .far_func.text     ro code  0x008da1    0x58  dc_util.o [4]
  .far_func.text     ro code  0x008df9    0x56  stm8s_tim2.o [1]
  .near.rodata       const    0x008e4f    0x4d  stm8s_exti.o [1]
  .near.rodata       const    0x008e9c    0x4d  stm8s_gpio.o [1]
  .near.rodata       const    0x008ee9    0x4d  stm8s_tim2.o [1]
  .near.rodata       const    0x008f36    0x4c  stm8s_clk.o [1]
  .far_func.text     ro code  0x008f82    0x3e  stm8s_clk.o [1]
  .far_func.text     ro code  0x008fc0    0x3b  stm8s_it.o [1]
  .far_func.text     ro code  0x008ffb    0x36  stm8s_clk.o [1]
  .far_func.text     ro code  0x009031    0x34  stm8s_tim2.o [1]
  .far_func.text     ro code  0x009065    0x30  stm8s_tim2.o [1]
  .far_func.text     ro code  0x009095    0x29  stm8s_tim2.o [1]
  .far_func.text     ro code  0x0090be    0x28  init_small.o [4]
  .far_func.text     ro code  0x0090e6    0x26  long_util.o [4]
  Initializer bytes  const    0x00910c    0x25  <for P2-1>
  .iar.init_table    const    0x009131     0xb  - Linker created -
  .far_func.text     ro code  0x00913c    0x1e  init.o [4]
  .far_func.text     ro code  0x00915a    0x17  cstartup.o [4]
  .far_func.text     ro code  0x009171    0x16  __dbg_xxexit.o [3]
  .far_func.text     ro code  0x009187     0xe  far_util.o [4]
  .far_func.text     ro code  0x009195     0xc  stm8s_tim2.o [1]
  .far_func.text     ro code  0x0091a1     0x7  stm8s_gpio.o [1]
  .far_func.text     ro code  0x0091a8     0x7  stm8s_gpio.o [1]
  .far_func.text     ro code  0x0091af     0x7  stm8s_gpio.o [1]
  .far_func.text     ro code  0x0091b6     0x6  char.o [4]
  .far_func.text     ro code  0x0091bc     0x6  cexit.o [4]
  .far_func.text     ro code  0x0091c2     0x4  stm8s_gpio.o [1]
  .far_func.text     ro code  0x0091c6     0x4  interrupt.o [4]
  .far_func.text     ro code  0x0091ca     0x4  exit.o [4]
  .near.rodata       const    0x0091ce     0x4  stm8s_clk.o [1]
  .far_func.text     ro code  0x0091d2     0x3  low_level_init.o [4]
  .far_func.text     ro code  0x0091d5     0x3  unhandled_exception.o [4]
  .far_func.text     ro code  0x0091d8     0x2  main.o [1]
  .far_func.text     ro code  0x0091da     0x1  stm8s_it.o [1]
  .far_func.text     ro code  0x0091db     0x1  stm8s_it.o [1]
  .far_func.text     ro code  0x0091dc     0x1  stm8s_it.o [1]
  .far_func.text     ro code  0x0091dd     0x1  stm8s_it.o [1]
  .far_func.text     ro code  0x0091de     0x1  stm8s_it.o [1]
  .far_func.text     ro code  0x0091df     0x1  stm8s_it.o [1]
  .far_func.text     ro code  0x0091e0     0x1  stm8s_it.o [1]
  .far_func.text     ro code  0x0091e1     0x1  stm8s_it.o [1]
  .far_func.text     ro code  0x0091e2     0x1  stm8s_it.o [1]
  .far_func.text     ro code  0x0091e3     0x1  stm8s_it.o [1]
  .far_func.text     ro code  0x0091e4     0x1  stm8s_it.o [1]
  .far_func.text     ro code  0x0091e5     0x1  stm8s_it.o [1]
  .far_func.text     ro code  0x0091e6     0x1  stm8s_it.o [1]
  .far_func.text     ro code  0x0091e7     0x1  stm8s_it.o [1]
  .far_func.text     ro code  0x0091e8     0x1  stm8s_it.o [1]
  .far_func.text     ro code  0x0091e9     0x1  stm8s_it.o [1]
  .far_func.text     ro code  0x0091ea     0x1  stm8s_it.o [1]
  .far_func.text     ro code  0x0091eb     0x1  __dbg_break.o [3]
                            - 0x0091ec  0x116c


*******************************************************************************
*** INIT TABLE
***

          Address   Size
          -------   ----
Copy (__iar_copy_init2)
    1 source range, total size 0x25:
          0x00910c  0x25
    1 destination range, total size 0x25:
          0x00000c  0x25



*******************************************************************************
*** MODULE SUMMARY
***

    Module                 ro code  ro data  rw data
    ------                 -------  -------  -------
D:\DIEN_TU_HPT\IAR STM8S\CANH_CUA_TU\Debug\Obj: [1]
    main.o                     170       31       31
    stm8s_clk.o                515       80
    stm8s_exti.o               219       77
    stm8s_gpio.o               302       77
    stm8s_it.o                 899        6        6
    stm8s_tim2.o               328       77
    ------------------------------------------------
    Total:                   2 433      348       37

command line: [2]
    ------------------------------------------------
    Total:

dbgstm8mmd.a: [3]
    __dbg_break.o                1
    __dbg_xxexit.o              22
    ------------------------------------------------
    Total:                      23

dlstm8mmn.a: [4]
    cexit.o                      6
    char.o                       6
    cstartup.o                  23
    dc_util.o                   88
    exit.o                       4
    far_util.o                  14
    float.o                  1 039
    init.o                      30
    init_small.o                40
    interrupt.o                  4      128
    long.o                     145
    long_util.o                 38
    low_level_init.o             3
    unhandled_exception.o        3
    vreg_util.o                202
    vregs.o                                       12
    ------------------------------------------------
    Total:                   1 645      128       12

    Linker created                       11      256
----------------------------------------------------
    Grand Total:             4 101      487      305


*******************************************************************************
*** ENTRY LIST
***

Entry                    Address   Size  Type      Object
-----                    -------   ----  ----      ------
.iar.init_table$$Base   0x009131          --   Gb  - Linker created -
.iar.init_table$$Limit  0x00913c          --   Gb  - Linker created -
?b0                     0x000000         Data  Gb  vregs.o [4]
?b1                     0x000001         Data  Gb  vregs.o [4]
?b10                    0x00000a         Data  Gb  vregs.o [4]
?b11                    0x00000b         Data  Gb  vregs.o [4]
?b2                     0x000002         Data  Gb  vregs.o [4]
?b3                     0x000003         Data  Gb  vregs.o [4]
?b4                     0x000004         Data  Gb  vregs.o [4]
?b5                     0x000005         Data  Gb  vregs.o [4]
?b6                     0x000006         Data  Gb  vregs.o [4]
?b7                     0x000007         Data  Gb  vregs.o [4]
?b8                     0x000008         Data  Gb  vregs.o [4]
?b9                     0x000009         Data  Gb  vregs.o [4]
?dc32_l0                0x008da1         Code  Gb  dc_util.o [4]
?dc32_l1                0x008dcd         Code  Gb  dc_util.o [4]
?e0                     0x000001         Data  Gb  vregs.o [4]
?e1                     0x000005         Data  Gb  vregs.o [4]
?e2                     0x000009         Data  Gb  vregs.o [4]
?epilogue_l2            0x0089a0         Code  Gb  vreg_util.o [4]
?epilogue_w4            0x0089a5         Code  Gb  vreg_util.o [4]
?fadd32_l0_l0_l1        0x0080aa         Code  Gb  float.o [4]
?fcastf32s16_l0_x       0x008325         Code  Gb  float.o [4]
?fcastf32u32_l0_l0      0x008348         Code  Gb  float.o [4]
?fcmpge32_c_l0_0x       0x0082cd         Code  Gb  float.o [4]
?fcmpge32_c_l0_l1       0x0082ca         Code  Gb  float.o [4]
?fdiv32_l0_l0_dc32      0x008216         Code  Gb  float.o [4]
?fdiv32_l0_l0_l1        0x00821c         Code  Gb  float.o [4]
?fmul32_l0_l0_0x        0x008178         Code  Gb  float.o [4]
?fmul32_l0_l0_l1        0x00817b         Code  Gb  float.o [4]
?fsub32_l0_dc32_l1      0x00809e         Code  Gb  float.o [4]
?fsub32_l0_l0_l1        0x0080a4         Code  Gb  float.o [4]
?inc32_0x_0x            0x008bd8         Code  Gb  long.o [4]
?inc32_l0_l0            0x008bd3         Code  Gb  long.o [4]
?l0                     0x000000         Data  Gb  vregs.o [4]
?l1                     0x000004         Data  Gb  vregs.o [4]
?l2                     0x000008         Data  Gb  vregs.o [4]
?load24_e1_0x           0x009187         Code  Gb  far_util.o [4]
?load32_0x_l0           0x0090fe         Code  Gb  long_util.o [4]
?load32_l0_0x           0x0090e6         Code  Gb  long_util.o [4]
?load32_l1_0x           0x0090f2         Code  Gb  long_util.o [4]
?mov_e0_e1              0x0089ad         Code  Gb  vreg_util.o [4]
?mov_e1_e0              0x0089ba         Code  Gb  vreg_util.o [4]
?mov_e1_e2              0x0089c7         Code  Gb  vreg_util.o [4]
?mov_e2_e0              0x0089d4         Code  Gb  vreg_util.o [4]
?mov_l0_l1              0x0089aa         Code  Gb  vreg_util.o [4]
?mov_l1_l0              0x0089b7         Code  Gb  vreg_util.o [4]
?mov_l1_l2              0x0089c4         Code  Gb  vreg_util.o [4]
?mov_l2_l0              0x0089d1         Code  Gb  vreg_util.o [4]
?mov_w1_w3              0x0089b0         Code  Gb  vreg_util.o [4]
?mov_w3_w1              0x0089bd         Code  Gb  vreg_util.o [4]
?mov_w3_w5              0x0089ca         Code  Gb  vreg_util.o [4]
?mov_w5_w1              0x0089d7         Code  Gb  vreg_util.o [4]
?pop_l0                 0x008973         Code  Gb  vreg_util.o [4]
?pop_l1                 0x00897e         Code  Gb  vreg_util.o [4]
?pop_l2                 0x008989         Code  Gb  vreg_util.o [4]
?pop_w4                 0x008930         Code  Gb  vreg_util.o [4]
?push_l0                0x008943         Code  Gb  vreg_util.o [4]
?push_l1                0x008948         Code  Gb  vreg_util.o [4]
?push_l2                0x00894d         Code  Gb  vreg_util.o [4]
?push_w4                0x008914         Code  Gb  vreg_util.o [4]
?sext32_l0_x            0x008c59         Code  Gb  long.o [4]
?sll8_a_a_5             0x0091b7         Code  Gb  char.o [4]
?sll8_a_a_6             0x0091b6         Code  Gb  char.o [4]
?udiv32_l0_dl_l1        0x008be6         Code  Gb  long.o [4]
?udiv32_l0_l0_l1        0x008bec         Code  Gb  long.o [4]
?umod32_l1_l0_l1        0x008bec         Code  Gb  long.o [4]
?w0                     0x000000         Data  Gb  vregs.o [4]
?w1                     0x000002         Data  Gb  vregs.o [4]
?w2                     0x000004         Data  Gb  vregs.o [4]
?w3                     0x000006         Data  Gb  vregs.o [4]
?w4                     0x000008         Data  Gb  vregs.o [4]
?w5                     0x00000a         Data  Gb  vregs.o [4]
ADC1_IRQHandler         0x0091e8    0x1  Code  Gb  stm8s_it.o [1]
AWU_IRQHandler          0x0091dc    0x1  Code  Gb  stm8s_it.o [1]
CLK_DeInit              0x008ffb   0x36  Code  Gb  stm8s_clk.o [1]
CLK_GetClockFreq        0x008d49   0x58  Code  Gb  stm8s_clk.o [1]
CLK_GetFlagStatus       0x0089de   0xab  Code  Gb  stm8s_clk.o [1]
CLK_HSIPrescalerConfig  0x008f82   0x3e  Code  Gb  stm8s_clk.o [1]
CLK_IRQHandler          0x0091dd    0x1  Code  Gb  stm8s_it.o [1]
CLK_SYSCLKConfig        0x008c64   0x8c  Code  Gb  stm8s_clk.o [1]
CSTACK$$Base            0x000300          --   Gb  - Linker created -
CSTACK$$Limit           0x000400          --   Gb  - Linker created -
EEPROM_EEC_IRQHandler   0x0091ea    0x1  Code  Gb  stm8s_it.o [1]
EXTI_PORTA_IRQHandler   0x0091de    0x1  Code  Gb  stm8s_it.o [1]
EXTI_PORTB_IRQHandler   0x008b31   0xa2  Code  Gb  stm8s_it.o [1]
EXTI_PORTC_IRQHandler   0x0091df    0x1  Code  Gb  stm8s_it.o [1]
EXTI_PORTD_IRQHandler   0x008fc0   0x3b  Code  Gb  stm8s_it.o [1]
EXTI_PORTE_IRQHandler   0x0091e0    0x1  Code  Gb  stm8s_it.o [1]
EXTI_SetExtIntSensitivity
                        0x008839   0xdb  Code  Gb  stm8s_exti.o [1]
Forward                 0x00000d    0x1  Data  Gb  main.o [1]
GPIO_Init               0x008724  0x115  Code  Gb  stm8s_gpio.o [1]
GPIO_ReadInputPin       0x0091af    0x7  Code  Gb  stm8s_gpio.o [1]
GPIO_WriteHigh          0x0091a1    0x7  Code  Gb  stm8s_gpio.o [1]
GPIO_WriteLow           0x0091c2    0x4  Code  Gb  stm8s_gpio.o [1]
GPIO_WriteReverse       0x0091a8    0x7  Code  Gb  stm8s_gpio.o [1]
HSIDivFactor            0x0091ce    0x4  Data  Gb  stm8s_clk.o [1]
I2C_IRQHandler          0x0091e7    0x1  Code  Gb  stm8s_it.o [1]
INTVEC$$Base            0x008000          --   Gb  - Linker created -
INTVEC$$Limit           0x008080          --   Gb  - Linker created -
MinSpeed                0x000014    0x2  Data  Gb  stm8s_it.o [1]
Region$$Table$$Base     0x009131          --   Gb  - Linker created -
Region$$Table$$Limit    0x00913c          --   Gb  - Linker created -
SPI_IRQHandler          0x0091e1    0x1  Code  Gb  stm8s_it.o [1]
TIM1_CAP_COM_IRQHandler
                        0x0091e3    0x1  Code  Gb  stm8s_it.o [1]
TIM1_UPD_OVF_TRG_BRK_IRQHandler
                        0x0091e2    0x1  Code  Gb  stm8s_it.o [1]
TIM2_CAP_COM_IRQHandler
                        0x0091e4    0x1  Code  Gb  stm8s_it.o [1]
TIM2_ClearFlag          0x009031   0x34  Code  Gb  stm8s_tim2.o [1]
TIM2_ClearITPendingBit  0x009095   0x29  Code  Gb  stm8s_tim2.o [1]
TIM2_Cmd                0x009065   0x30  Code  Gb  stm8s_tim2.o [1]
TIM2_GetITStatus        0x008df9   0x56  Code  Gb  stm8s_tim2.o [1]
TIM2_ITConfig           0x008cf0   0x59  Code  Gb  stm8s_tim2.o [1]
TIM2_TimeBaseInit       0x009195    0xc  Code  Gb  stm8s_tim2.o [1]
TIM2_UPD_OVF_BRK_IRQHandler
                        0x00848f  0x295  Code  Gb  stm8s_it.o [1]
TIM4_UPD_OVF_IRQHandler
                        0x0091e9    0x1  Code  Gb  stm8s_it.o [1]
TLI_IRQHandler          0x0091db    0x1  Code  Gb  stm8s_it.o [1]
TRAP_IRQHandler         0x0091da    0x1  Code  Gb  stm8s_it.o [1]
UART1_RX_IRQHandler     0x0091e6    0x1  Code  Gb  stm8s_it.o [1]
UART1_TX_IRQHandler     0x0091e5    0x1  Code  Gb  stm8s_it.o [1]
__DebugBreak            0x0091eb    0x1  Code  Gb  __dbg_break.o [3]
__exit                  0x009171   0x16  Code  Gb  __dbg_xxexit.o [3]
__iar_copy_init2        0x0090be         Code  Gb  init_small.o [4]
__iar_data_init2        0x00913c   0x1e  Code  Gb  init.o [4]
__iar_program_start     0x00915a         Code  Gb  cstartup.o [4]
__iar_unhandled_exception
                        0x0091d5         Code  Gb  unhandled_exception.o [4]
__intvec                0x008000         Data  Gb  interrupt.o [4]
__low_level_init        0x0091d2    0x3  Code  Gb  low_level_init.o [4]
_exit                   0x0091bc         Code  Gb  cexit.o [4]
_interrupt_1            0x0091da         Code  Gb  stm8s_it.o [1]
_interrupt_12           0x0091e1         Code  Gb  stm8s_it.o [1]
_interrupt_13           0x0091e2         Code  Gb  stm8s_it.o [1]
_interrupt_14           0x0091e3         Code  Gb  stm8s_it.o [1]
_interrupt_15           0x00848f         Code  Gb  stm8s_it.o [1]
_interrupt_16           0x0091e4         Code  Gb  stm8s_it.o [1]
_interrupt_19           0x0091e5         Code  Gb  stm8s_it.o [1]
_interrupt_2            0x0091db         Code  Gb  stm8s_it.o [1]
_interrupt_20           0x0091e6         Code  Gb  stm8s_it.o [1]
_interrupt_21           0x0091e7         Code  Gb  stm8s_it.o [1]
_interrupt_24           0x0091e8         Code  Gb  stm8s_it.o [1]
_interrupt_25           0x0091e9         Code  Gb  stm8s_it.o [1]
_interrupt_26           0x0091ea         Code  Gb  stm8s_it.o [1]
_interrupt_3            0x0091dc         Code  Gb  stm8s_it.o [1]
_interrupt_4            0x0091dd         Code  Gb  stm8s_it.o [1]
_interrupt_5            0x0091de         Code  Gb  stm8s_it.o [1]
_interrupt_6            0x008b31         Code  Gb  stm8s_it.o [1]
_interrupt_7            0x0091df         Code  Gb  stm8s_it.o [1]
_interrupt_8            0x008fc0         Code  Gb  stm8s_it.o [1]
_interrupt_9            0x0091e0         Code  Gb  stm8s_it.o [1]
assert_failed           0x0091d8    0x2  Code  Gb  main.o [1]
clk                     0x000016    0x4  Data  Gb  main.o [1]
countFrirstRun          0x000030    0x1  Data  Gb  main.o [1]
countHall1              0x00002d    0x1  Data  Gb  main.o [1]
countHall2              0x00002e    0x1  Data  Gb  main.o [1]
countPulDistant         0x00001c    0x4  Data  Gb  main.o [1]
countPulFG              0x00001a    0x2  Data  Gb  main.o [1]
countTime               0x000020    0x4  Data  Gb  main.o [1]
daytay                  0x00000f    0x1  Data  Gb  main.o [1]
exit                    0x0091ca    0x4  Code  Gb  exit.o [4]
fristRun                0x00000e    0x1  Data  Gb  main.o [1]
main                    0x008a89   0xa8  Code  Gb  main.o [1]
modeFast                0x00002f    0x1  Data  Gb  main.o [1]
prepul                  0x000027    0x2  Data  Gb  main.o [1]
pul                     0x000025    0x2  Data  Gb  main.o [1]
sacle                   0x000010    0x4  Data  Gb  stm8s_it.o [1]
sau_1_s                 0x000024    0x1  Data  Gb  main.o [1]
speed                   0x000029    0x4  Data  Gb  main.o [1]
statusStop              0x00000c    0x1  Data  Gb  main.o [1]


[1] = D:\DIEN_TU_HPT\IAR STM8S\CANH_CUA_TU\Debug\Obj
[2] = command line
[3] = dbgstm8mmd.a
[4] = dlstm8mmn.a

  4 101 bytes of readonly  code memory
    487 bytes of readonly  data memory
    305 bytes of readwrite data memory

Errors: none
Warnings: none
