###############################################################################
#
# IAR ELF Linker V3.10.1.201 for STM8                     19/Oct/2018  14:27:44
# Copyright 2010-2017 IAR Systems AB.
#
#    Output file  =  
#        D:\DIEN TU HPT\IAR STM8S\CANH_CUA_TU\Debug\Exe\CANH_CUA_TU.out
#    Map file     =  
#        D:\DIEN TU HPT\IAR STM8S\CANH_CUA_TU\Debug\List\CANH_CUA_TU.map
#    Command line =  
#        -f C:\Users\HPT\AppData\Local\Temp\EW2D9F.tmp ("D:\DIEN TU HPT\IAR
#        STM8S\CANH_CUA_TU\Debug\Obj\main.o" "D:\DIEN TU HPT\IAR
#        STM8S\CANH_CUA_TU\Debug\Obj\stm8s_clk.o" "D:\DIEN TU HPT\IAR
#        STM8S\CANH_CUA_TU\Debug\Obj\stm8s_exti.o" "D:\DIEN TU HPT\IAR
#        STM8S\CANH_CUA_TU\Debug\Obj\stm8s_gpio.o" "D:\DIEN TU HPT\IAR
#        STM8S\CANH_CUA_TU\Debug\Obj\stm8s_it.o" "D:\DIEN TU HPT\IAR
#        STM8S\CANH_CUA_TU\Debug\Obj\stm8s_tim2.o" --redirect
#        _Printf=_PrintfFullNoMb --redirect _Scanf=_ScanfFullNoMb -o "D:\DIEN
#        TU HPT\IAR STM8S\CANH_CUA_TU\Debug\Exe\CANH_CUA_TU.out" --map "D:\DIEN
#        TU HPT\IAR STM8S\CANH_CUA_TU\Debug\List\CANH_CUA_TU.map" --config
#        "C:\Program Files (x86)\IAR Systems\Embedded Workbench
#        8.0\stm8\config\lnkstm8s003f3.icf" --config_def _CSTACK_SIZE=0x100
#        --config_def _HEAP_SIZE=0x100 --entry __iar_program_start --debug_lib)
#
###############################################################################

*******************************************************************************
*** RUNTIME MODEL ATTRIBUTES
***

__SystemLibrary            = DLib
__code_model               = medium_or_large
__core                     = stm8
__data_model               = medium
__dlib_file_descriptor     = 0
__dlib_full_locale_support = 0
__rt_version               = 4


*******************************************************************************
*** PLACEMENT SUMMARY
***

"A0":  place at start of [0x000000-0x0000ff] { rw section .vregs };
"A1":  place at end of [0x000000-0x0003ff] { block CSTACK };
"P2":  place in [from 0x000000 to 0x0003ff] {
          block HEAP, rw section __DLIB_PERTHREAD, rw section .far.bss,
          rw section .far.data, rw section .far.noinit,
          rw section .far_func.textrw, rw section .huge.bss,
          rw section .huge.data, rw section .huge.noinit,
          rw section .huge_func.textrw, rw section .iar.dynexit,
          rw section .near.bss, rw section .near.data, rw section .near.noinit,
          rw section .near_func.textrw };
"A2":  place at start of [0x008000-0x009fff] { block INTVEC };
"P3":  place in [from 0x008000 to 0x009fff] {
          ro section __DLIB_PERTHREAD_init, ro section .far.data_init,
          ro section .far_func.textrw_init, ro section .huge.data_init,
          ro section .huge_func.textrw_init, ro section .iar.init_table,
          ro section .init_array, ro section .near.data_init,
          ro section .near.rodata, ro section .near_func.text,
          ro section .near_func.textrw_init, ro section .tiny.data_init,
          ro section .tiny.rodata_init };
"P4":  place in [from 0x008000 to 0x009fff] {
          ro section .far.rodata, ro section .far_func.text };
"P5":  place in [from 0x008000 to 0x009fff] {
          ro section .huge.rodata, ro section .huge_func.text };
do not initialize {
   rw section .eeprom.noinit, rw section .far.noinit, rw section .huge.noinit,
   rw section .near.noinit, rw section .tiny.noinit, rw section .vregs };
initialize by copy {
   rw section .far.bss, rw section .far.data, rw section .far_func.textrw,
   rw section .huge.bss, rw section .huge.data, rw section .huge_func.textrw,
   rw section .iar.dynexit, rw section .near.bss, rw section .near.data,
   rw section .near_func.textrw, rw section .tiny.bss, rw section .tiny.data,
   ro section .tiny.rodata };

  Section            Kind      Address   Size  Object
  -------            ----      -------   ----  ------
"A0":                                     0xc
  .vregs             uninit   0x000000    0xc  vregs.o [4]
                            - 0x00000c    0xc

"P2":                                     0x8
  P2-1                        0x00000c    0x8  <Init block>
    .near.data       inited   0x00000c    0x1  main.o [1]
    .near.data       inited   0x00000d    0x1  main.o [1]
    .near.bss        inited   0x00000e    0x4  main.o [1]
    .near.bss        inited   0x000012    0x1  main.o [1]
    .near.bss        inited   0x000013    0x1  main.o [1]
                            - 0x000014    0x8

"A1":                                   0x100
  CSTACK                      0x000300  0x100  <Block>
    CSTACK           uninit   0x000300  0x100  <Block tail>
                            - 0x000400  0x100

"A2":                                    0x80
  INTVEC                      0x008000   0x80  <Block>
    .intvec          const    0x008000   0x80  interrupt.o [4]
                            - 0x008080   0x80

"P3-P5":                                0x998
  .far_func.text     ro code  0x008080  0x115  stm8s_gpio.o [1]
  .far_func.text     ro code  0x008195   0xdb  stm8s_exti.o [1]
  .far_func.text     ro code  0x008270   0xb4  main.o [1]
  .far_func.text     ro code  0x008324   0xab  stm8s_clk.o [1]
  .far_func.text     ro code  0x0083cf   0x96  vreg_util.o [4]
  .far_func.text     ro code  0x008465   0x8c  stm8s_clk.o [1]
  .far_func.text     ro code  0x0084f1   0x73  long.o [4]
  .far_func.text     ro code  0x008564   0x62  stm8s_it.o [1]
  .far_func.text     ro code  0x0085c6   0x59  stm8s_tim2.o [1]
  .far_func.text     ro code  0x00861f   0x58  stm8s_clk.o [1]
  .far_func.text     ro code  0x008677   0x56  stm8s_tim2.o [1]
  .near.rodata       const    0x0086cd   0x4d  stm8s_exti.o [1]
  .near.rodata       const    0x00871a   0x4d  stm8s_gpio.o [1]
  .near.rodata       const    0x008767   0x4d  stm8s_tim2.o [1]
  .near.rodata       const    0x0087b4   0x4c  stm8s_clk.o [1]
  .far_func.text     ro code  0x008800   0x3e  stm8s_clk.o [1]
  .far_func.text     ro code  0x00883e   0x36  stm8s_clk.o [1]
  .far_func.text     ro code  0x008874   0x30  stm8s_it.o [1]
  .far_func.text     ro code  0x0088a4   0x30  stm8s_tim2.o [1]
  .far_func.text     ro code  0x0088d4   0x2c  dc_util.o [4]
  .far_func.text     ro code  0x008900   0x29  stm8s_tim2.o [1]
  .far_func.text     ro code  0x008929   0x28  init_small.o [4]
  .iar.init_table    const    0x008951    0xb  - Linker created -
  .far_func.text     ro code  0x00895c   0x1e  init.o [4]
  .far_func.text     ro code  0x00897a   0x17  cstartup.o [4]
  .far_func.text     ro code  0x008991   0x16  __dbg_xxexit.o [3]
  .far_func.text     ro code  0x0089a7    0xe  long_util.o [4]
  .far_func.text     ro code  0x0089b5    0xe  far_util.o [4]
  .far_func.text     ro code  0x0089c3    0xc  stm8s_tim2.o [1]
  Initializer bytes  const    0x0089cf    0x8  <for P2-1>
  .far_func.text     ro code  0x0089d7    0x7  stm8s_gpio.o [1]
  .far_func.text     ro code  0x0089de    0x7  stm8s_gpio.o [1]
  .far_func.text     ro code  0x0089e5    0x6  char.o [4]
  .far_func.text     ro code  0x0089eb    0x6  cexit.o [4]
  .far_func.text     ro code  0x0089f1    0x4  interrupt.o [4]
  .far_func.text     ro code  0x0089f5    0x4  exit.o [4]
  .near.rodata       const    0x0089f9    0x4  stm8s_clk.o [1]
  .far_func.text     ro code  0x0089fd    0x3  low_level_init.o [4]
  .far_func.text     ro code  0x008a00    0x3  unhandled_exception.o [4]
  .far_func.text     ro code  0x008a03    0x2  main.o [1]
  .far_func.text     ro code  0x008a05    0x1  stm8s_it.o [1]
  .far_func.text     ro code  0x008a06    0x1  stm8s_it.o [1]
  .far_func.text     ro code  0x008a07    0x1  stm8s_it.o [1]
  .far_func.text     ro code  0x008a08    0x1  stm8s_it.o [1]
  .far_func.text     ro code  0x008a09    0x1  stm8s_it.o [1]
  .far_func.text     ro code  0x008a0a    0x1  stm8s_it.o [1]
  .far_func.text     ro code  0x008a0b    0x1  stm8s_it.o [1]
  .far_func.text     ro code  0x008a0c    0x1  stm8s_it.o [1]
  .far_func.text     ro code  0x008a0d    0x1  stm8s_it.o [1]
  .far_func.text     ro code  0x008a0e    0x1  stm8s_it.o [1]
  .far_func.text     ro code  0x008a0f    0x1  stm8s_it.o [1]
  .far_func.text     ro code  0x008a10    0x1  stm8s_it.o [1]
  .far_func.text     ro code  0x008a11    0x1  stm8s_it.o [1]
  .far_func.text     ro code  0x008a12    0x1  stm8s_it.o [1]
  .far_func.text     ro code  0x008a13    0x1  stm8s_it.o [1]
  .far_func.text     ro code  0x008a14    0x1  stm8s_it.o [1]
  .far_func.text     ro code  0x008a15    0x1  stm8s_it.o [1]
  .far_func.text     ro code  0x008a16    0x1  stm8s_it.o [1]
  .far_func.text     ro code  0x008a17    0x1  __dbg_break.o [3]
                            - 0x008a18  0x998


*******************************************************************************
*** INIT TABLE
***

          Address   Size
          -------   ----
Copy (__iar_copy_init2)
    1 source range, total size 0x8:
          0x0089cf   0x8
    1 destination range, total size 0x8:
          0x00000c   0x8



*******************************************************************************
*** MODULE SUMMARY
***

    Module                 ro code  ro data  rw data
    ------                 -------  -------  -------
D:\DIEN TU HPT\IAR STM8S\CANH_CUA_TU\Debug\Obj: [1]
    main.o                     182        8        8
    stm8s_clk.o                515       80
    stm8s_exti.o               219       77
    stm8s_gpio.o               291       77
    stm8s_it.o                 164
    stm8s_tim2.o               276       77
    ------------------------------------------------
    Total:                   1 647      319        8

command line: [2]
    ------------------------------------------------
    Total:

dbgstm8mmd.a: [3]
    __dbg_break.o                1
    __dbg_xxexit.o              22
    ------------------------------------------------
    Total:                      23

dlstm8mmn.a: [4]
    cexit.o                      6
    char.o                       6
    cstartup.o                  23
    dc_util.o                   44
    exit.o                       4
    far_util.o                  14
    init.o                      30
    init_small.o                40
    interrupt.o                  4      128
    long.o                     115
    long_util.o                 14
    low_level_init.o             3
    unhandled_exception.o        3
    vreg_util.o                150
    vregs.o                                       12
    ------------------------------------------------
    Total:                     456      128       12

    Linker created                       11      256
----------------------------------------------------
    Grand Total:             2 126      458      276


*******************************************************************************
*** ENTRY LIST
***

Entry                    Address   Size  Type      Object
-----                    -------   ----  ----      ------
.iar.init_table$$Base   0x008951          --   Gb  - Linker created -
.iar.init_table$$Limit  0x00895c          --   Gb  - Linker created -
?b0                     0x000000         Data  Gb  vregs.o [4]
?b1                     0x000001         Data  Gb  vregs.o [4]
?b10                    0x00000a         Data  Gb  vregs.o [4]
?b11                    0x00000b         Data  Gb  vregs.o [4]
?b2                     0x000002         Data  Gb  vregs.o [4]
?b3                     0x000003         Data  Gb  vregs.o [4]
?b4                     0x000004         Data  Gb  vregs.o [4]
?b5                     0x000005         Data  Gb  vregs.o [4]
?b6                     0x000006         Data  Gb  vregs.o [4]
?b7                     0x000007         Data  Gb  vregs.o [4]
?b8                     0x000008         Data  Gb  vregs.o [4]
?b9                     0x000009         Data  Gb  vregs.o [4]
?dc32_l0                0x0088d4         Code  Gb  dc_util.o [4]
?e0                     0x000001         Data  Gb  vregs.o [4]
?e1                     0x000005         Data  Gb  vregs.o [4]
?e2                     0x000009         Data  Gb  vregs.o [4]
?epilogue_l2            0x00845b         Code  Gb  vreg_util.o [4]
?epilogue_w4            0x008460         Code  Gb  vreg_util.o [4]
?l0                     0x000000         Data  Gb  vregs.o [4]
?l1                     0x000004         Data  Gb  vregs.o [4]
?l2                     0x000008         Data  Gb  vregs.o [4]
?load24_e1_0x           0x0089b5         Code  Gb  far_util.o [4]
?load32_0x_l0           0x0089a7         Code  Gb  long_util.o [4]
?pop_l0                 0x00842e         Code  Gb  vreg_util.o [4]
?pop_l1                 0x008439         Code  Gb  vreg_util.o [4]
?pop_l2                 0x008444         Code  Gb  vreg_util.o [4]
?pop_w4                 0x0083eb         Code  Gb  vreg_util.o [4]
?push_l0                0x0083fe         Code  Gb  vreg_util.o [4]
?push_l1                0x008403         Code  Gb  vreg_util.o [4]
?push_l2                0x008408         Code  Gb  vreg_util.o [4]
?push_w4                0x0083cf         Code  Gb  vreg_util.o [4]
?sll8_a_a_5             0x0089e6         Code  Gb  char.o [4]
?sll8_a_a_6             0x0089e5         Code  Gb  char.o [4]
?udiv32_l0_dl_l1        0x0084f1         Code  Gb  long.o [4]
?udiv32_l0_l0_l1        0x0084f7         Code  Gb  long.o [4]
?umod32_l1_l0_l1        0x0084f7         Code  Gb  long.o [4]
?w0                     0x000000         Data  Gb  vregs.o [4]
?w1                     0x000002         Data  Gb  vregs.o [4]
?w2                     0x000004         Data  Gb  vregs.o [4]
?w3                     0x000006         Data  Gb  vregs.o [4]
?w4                     0x000008         Data  Gb  vregs.o [4]
?w5                     0x00000a         Data  Gb  vregs.o [4]
ADC1_IRQHandler         0x008a14    0x1  Code  Gb  stm8s_it.o [1]
AWU_IRQHandler          0x008a07    0x1  Code  Gb  stm8s_it.o [1]
CLK_DeInit              0x00883e   0x36  Code  Gb  stm8s_clk.o [1]
CLK_GetClockFreq        0x00861f   0x58  Code  Gb  stm8s_clk.o [1]
CLK_GetFlagStatus       0x008324   0xab  Code  Gb  stm8s_clk.o [1]
CLK_HSIPrescalerConfig  0x008800   0x3e  Code  Gb  stm8s_clk.o [1]
CLK_IRQHandler          0x008a08    0x1  Code  Gb  stm8s_it.o [1]
CLK_SYSCLKConfig        0x008465   0x8c  Code  Gb  stm8s_clk.o [1]
CSTACK$$Base            0x000300          --   Gb  - Linker created -
CSTACK$$Limit           0x000400          --   Gb  - Linker created -
EEPROM_EEC_IRQHandler   0x008a16    0x1  Code  Gb  stm8s_it.o [1]
EXTI_PORTA_IRQHandler   0x008a09    0x1  Code  Gb  stm8s_it.o [1]
EXTI_PORTB_IRQHandler   0x008564   0x62  Code  Gb  stm8s_it.o [1]
EXTI_PORTC_IRQHandler   0x008a0a    0x1  Code  Gb  stm8s_it.o [1]
EXTI_PORTD_IRQHandler   0x008a0b    0x1  Code  Gb  stm8s_it.o [1]
EXTI_PORTE_IRQHandler   0x008a0c    0x1  Code  Gb  stm8s_it.o [1]
EXTI_SetExtIntSensitivity
                        0x008195   0xdb  Code  Gb  stm8s_exti.o [1]
Forward                 0x00000d    0x1  Data  Gb  main.o [1]
GPIO_Init               0x008080  0x115  Code  Gb  stm8s_gpio.o [1]
GPIO_ReadInputPin       0x0089de    0x7  Code  Gb  stm8s_gpio.o [1]
GPIO_WriteReverse       0x0089d7    0x7  Code  Gb  stm8s_gpio.o [1]
HSIDivFactor            0x0089f9    0x4  Data  Gb  stm8s_clk.o [1]
I2C_IRQHandler          0x008a13    0x1  Code  Gb  stm8s_it.o [1]
INTVEC$$Base            0x008000          --   Gb  - Linker created -
INTVEC$$Limit           0x008080          --   Gb  - Linker created -
Region$$Table$$Base     0x008951          --   Gb  - Linker created -
Region$$Table$$Limit    0x00895c          --   Gb  - Linker created -
SPI_IRQHandler          0x008a0d    0x1  Code  Gb  stm8s_it.o [1]
TIM1_CAP_COM_IRQHandler
                        0x008a0f    0x1  Code  Gb  stm8s_it.o [1]
TIM1_UPD_OVF_TRG_BRK_IRQHandler
                        0x008a0e    0x1  Code  Gb  stm8s_it.o [1]
TIM2_CAP_COM_IRQHandler
                        0x008a10    0x1  Code  Gb  stm8s_it.o [1]
TIM2_ClearITPendingBit  0x008900   0x29  Code  Gb  stm8s_tim2.o [1]
TIM2_Cmd                0x0088a4   0x30  Code  Gb  stm8s_tim2.o [1]
TIM2_GetITStatus        0x008677   0x56  Code  Gb  stm8s_tim2.o [1]
TIM2_ITConfig           0x0085c6   0x59  Code  Gb  stm8s_tim2.o [1]
TIM2_TimeBaseInit       0x0089c3    0xc  Code  Gb  stm8s_tim2.o [1]
TIM2_UPD_OVF_BRK_IRQHandler
                        0x008874   0x30  Code  Gb  stm8s_it.o [1]
TIM4_UPD_OVF_IRQHandler
                        0x008a15    0x1  Code  Gb  stm8s_it.o [1]
TLI_IRQHandler          0x008a06    0x1  Code  Gb  stm8s_it.o [1]
TRAP_IRQHandler         0x008a05    0x1  Code  Gb  stm8s_it.o [1]
UART1_RX_IRQHandler     0x008a12    0x1  Code  Gb  stm8s_it.o [1]
UART1_TX_IRQHandler     0x008a11    0x1  Code  Gb  stm8s_it.o [1]
__DebugBreak            0x008a17    0x1  Code  Gb  __dbg_break.o [3]
__exit                  0x008991   0x16  Code  Gb  __dbg_xxexit.o [3]
__iar_copy_init2        0x008929         Code  Gb  init_small.o [4]
__iar_data_init2        0x00895c   0x1e  Code  Gb  init.o [4]
__iar_program_start     0x00897a         Code  Gb  cstartup.o [4]
__iar_unhandled_exception
                        0x008a00         Code  Gb  unhandled_exception.o [4]
__intvec                0x008000         Data  Gb  interrupt.o [4]
__low_level_init        0x0089fd    0x3  Code  Gb  low_level_init.o [4]
_exit                   0x0089eb         Code  Gb  cexit.o [4]
_interrupt_1            0x008a05         Code  Gb  stm8s_it.o [1]
_interrupt_12           0x008a0d         Code  Gb  stm8s_it.o [1]
_interrupt_13           0x008a0e         Code  Gb  stm8s_it.o [1]
_interrupt_14           0x008a0f         Code  Gb  stm8s_it.o [1]
_interrupt_15           0x008874         Code  Gb  stm8s_it.o [1]
_interrupt_16           0x008a10         Code  Gb  stm8s_it.o [1]
_interrupt_19           0x008a11         Code  Gb  stm8s_it.o [1]
_interrupt_2            0x008a06         Code  Gb  stm8s_it.o [1]
_interrupt_20           0x008a12         Code  Gb  stm8s_it.o [1]
_interrupt_21           0x008a13         Code  Gb  stm8s_it.o [1]
_interrupt_24           0x008a14         Code  Gb  stm8s_it.o [1]
_interrupt_25           0x008a15         Code  Gb  stm8s_it.o [1]
_interrupt_26           0x008a16         Code  Gb  stm8s_it.o [1]
_interrupt_3            0x008a07         Code  Gb  stm8s_it.o [1]
_interrupt_4            0x008a08         Code  Gb  stm8s_it.o [1]
_interrupt_5            0x008a09         Code  Gb  stm8s_it.o [1]
_interrupt_6            0x008564         Code  Gb  stm8s_it.o [1]
_interrupt_7            0x008a0a         Code  Gb  stm8s_it.o [1]
_interrupt_8            0x008a0b         Code  Gb  stm8s_it.o [1]
_interrupt_9            0x008a0c         Code  Gb  stm8s_it.o [1]
assert_failed           0x008a03    0x2  Code  Gb  main.o [1]
clk                     0x00000e    0x4  Data  Gb  main.o [1]
countHall1              0x000012    0x1  Data  Gb  main.o [1]
countHall2              0x000013    0x1  Data  Gb  main.o [1]
exit                    0x0089f5    0x4  Code  Gb  exit.o [4]
main                    0x008270   0xb4  Code  Gb  main.o [1]
statusStop              0x00000c    0x1  Data  Gb  main.o [1]


[1] = D:\DIEN TU HPT\IAR STM8S\CANH_CUA_TU\Debug\Obj
[2] = command line
[3] = dbgstm8mmd.a
[4] = dlstm8mmn.a

  2 126 bytes of readonly  code memory
    458 bytes of readonly  data memory
    276 bytes of readwrite data memory

Errors: none
Warnings: none
